2024-08-16 22:01:09,148 INFO autoreload Watching for file changes with StatReloader
2024-08-23 18:56:14,478 INFO autoreload Watching for file changes with StatReloader
2024-08-23 18:57:25,759 INFO autoreload D:\pythonProject_NewsPortal\NewsPortal_project\NewsPortal_project\settings.py changed, reloading.
2024-08-23 18:57:26,847 INFO autoreload Watching for file changes with StatReloader
2024-08-23 19:01:06,482 INFO autoreload Watching for file changes with StatReloader
2024-08-23 19:05:23,896 INFO autoreload Watching for file changes with StatReloader
2024-08-23 20:35:59,309 INFO autoreload Watching for file changes with StatReloader
2024-08-23 20:38:32,364 INFO autoreload Watching for file changes with StatReloader
2024-08-23 20:42:37,064 INFO autoreload D:\pythonProject_NewsPortal\NewsPortal_project\NewsPortal_project\settings.py changed, reloading.
2024-08-23 20:42:38,370 INFO autoreload Watching for file changes with StatReloader
2024-08-23 20:47:15,199 INFO autoreload Watching for file changes with StatReloader
2024-08-23 20:53:50,484 INFO autoreload Watching for file changes with StatReloader
2024-08-23 21:01:02,377 INFO autoreload Watching for file changes with StatReloader
2024-08-23 21:12:35,925 INFO autoreload D:\pythonProject_NewsPortal\NewsPortal_project\NewsPortal_app\urls.py changed, reloading.
2024-08-23 21:12:37,057 INFO autoreload Watching for file changes with StatReloader
2024-08-23 21:13:47,687 INFO autoreload D:\pythonProject_NewsPortal\NewsPortal_project\NewsPortal_app\urls.py changed, reloading.
2024-08-23 21:13:48,802 INFO autoreload Watching for file changes with StatReloader
2024-08-23 21:16:04,673 INFO autoreload D:\pythonProject_NewsPortal\NewsPortal_project\NewsPortal_app\views.py changed, reloading.
2024-08-23 21:16:05,810 INFO autoreload Watching for file changes with StatReloader
2024-08-23 21:16:34,629 INFO autoreload D:\pythonProject_NewsPortal\NewsPortal_project\NewsPortal_app\views.py changed, reloading.
2024-08-23 21:16:35,756 INFO autoreload Watching for file changes with StatReloader
2024-08-23 21:20:22,157 INFO autoreload D:\pythonProject_NewsPortal\NewsPortal_project\NewsPortal_project\settings.py changed, reloading.
2024-08-23 21:20:23,374 INFO autoreload Watching for file changes with StatReloader
2024-08-23 21:25:59,111 INFO autoreload D:\pythonProject_NewsPortal\NewsPortal_project\NewsPortal_app\views.py changed, reloading.
2024-08-23 21:26:00,397 INFO autoreload Watching for file changes with StatReloader
2024-08-24 16:06:13,924 INFO autoreload Watching for file changes with StatReloader
2024-08-25 15:29:57,065 INFO autoreload Watching for file changes with StatReloader
2024-08-25 15:32:15,438 INFO autoreload Watching for file changes with StatReloader
2024-08-25 15:36:21,511 INFO autoreload D:\pythonProject_NewsPortal\NewsPortal_project\NewsPortal_project\settings.py changed, reloading.
2024-08-25 15:36:23,009 INFO autoreload Watching for file changes with StatReloader
2024-08-25 15:37:22,379 INFO autoreload D:\pythonProject_NewsPortal\NewsPortal_project\NewsPortal_project\settings.py changed, reloading.
2024-08-25 15:37:23,539 INFO autoreload Watching for file changes with StatReloader
2024-08-25 20:01:10,275 INFO autoreload Watching for file changes with StatReloader
2024-08-25 20:03:41,069 INFO autoreload Watching for file changes with StatReloader
2024-08-25 20:07:57,719 INFO autoreload Watching for file changes with StatReloader
2024-08-25 20:10:30,543 INFO autoreload Watching for file changes with StatReloader
2024-08-25 20:13:14,389 INFO autoreload Watching for file changes with StatReloader
2024-08-25 20:37:48,854 INFO autoreload Watching for file changes with StatReloader
2024-08-25 20:38:57,089 INFO autoreload Watching for file changes with StatReloader
2024-08-25 20:40:41,456 INFO autoreload Watching for file changes with StatReloader
2024-08-25 22:45:03,071 INFO autoreload Watching for file changes with StatReloader
2024-08-25 22:46:17,239 INFO autoreload Watching for file changes with StatReloader
2024-08-25 22:47:52,996 INFO autoreload Watching for file changes with StatReloader
2024-08-25 22:54:09,938 INFO autoreload D:\pythonProject_NewsPortal\NewsPortal_project\NewsPortal_project\settings.py changed, reloading.
2024-08-25 22:54:11,132 INFO autoreload Watching for file changes with StatReloader
2024-08-25 22:54:30,318 INFO autoreload Watching for file changes with StatReloader
2024-08-25 23:20:21,045 INFO autoreload Watching for file changes with StatReloader
2024-08-25 23:21:48,005 INFO autoreload D:\pythonProject_NewsPortal\NewsPortal_project\NewsPortal_project\settings.py changed, reloading.
2024-08-25 23:21:54,233 INFO autoreload Watching for file changes with StatReloader
2024-08-26 19:43:57,131 INFO autoreload Watching for file changes with StatReloader
2024-08-26 19:44:55,493 INFO autoreload Watching for file changes with StatReloader
2024-08-26 19:45:21,339 INFO autoreload D:\pythonProject_NewsPortal\NewsPortal_project\NewsPortal_app\views.py changed, reloading.
2024-08-26 19:45:22,478 INFO autoreload Watching for file changes with StatReloader
2024-08-26 20:08:35,427 INFO autoreload D:\pythonProject_NewsPortal\NewsPortal_project\NewsPortal_app\urls.py changed, reloading.
2024-08-26 20:08:36,918 INFO autoreload Watching for file changes with StatReloader
2024-08-26 20:09:22,322 INFO autoreload D:\pythonProject_NewsPortal\NewsPortal_project\NewsPortal_app\urls.py changed, reloading.
2024-08-26 20:09:23,584 INFO autoreload Watching for file changes with StatReloader
2024-08-26 20:09:37,257 INFO autoreload D:\pythonProject_NewsPortal\NewsPortal_project\NewsPortal_app\urls.py changed, reloading.
2024-08-26 20:09:38,532 INFO autoreload Watching for file changes with StatReloader
2024-08-26 20:09:43,319 INFO autoreload D:\pythonProject_NewsPortal\NewsPortal_project\NewsPortal_app\urls.py changed, reloading.
2024-08-26 20:09:44,443 INFO autoreload Watching for file changes with StatReloader
2024-08-26 20:10:13,593 INFO autoreload D:\pythonProject_NewsPortal\NewsPortal_project\NewsPortal_app\urls.py changed, reloading.
2024-08-26 20:10:14,748 INFO autoreload Watching for file changes with StatReloader
2024-08-26 20:12:09,830 INFO autoreload D:\pythonProject_NewsPortal\NewsPortal_project\NewsPortal_app\views.py changed, reloading.
2024-08-26 20:12:11,062 INFO autoreload Watching for file changes with StatReloader
2024-08-26 20:15:51,791 INFO autoreload D:\pythonProject_NewsPortal\NewsPortal_project\NewsPortal_project\urls.py changed, reloading.
2024-08-26 20:15:53,775 INFO autoreload Watching for file changes with StatReloader
2024-08-26 20:15:59,381 INFO autoreload Watching for file changes with StatReloader
2024-08-26 20:17:12,891 INFO autoreload D:\pythonProject_NewsPortal\NewsPortal_project\NewsPortal_project\urls.py changed, reloading.
2024-08-26 20:17:14,023 INFO autoreload Watching for file changes with StatReloader
2024-08-26 20:18:05,317 INFO autoreload D:\pythonProject_NewsPortal\NewsPortal_project\NewsPortal_project\urls.py changed, reloading.
2024-08-26 20:18:06,446 INFO autoreload Watching for file changes with StatReloader
2024-08-26 20:22:57,098 INFO autoreload Watching for file changes with StatReloader
2024-08-26 20:23:53,624 INFO autoreload Watching for file changes with StatReloader
2024-08-26 20:27:31,198 INFO autoreload Watching for file changes with StatReloader
2024-08-26 20:29:50,979 INFO autoreload Watching for file changes with StatReloader
2024-08-26 20:35:52,184 INFO autoreload D:\pythonProject_NewsPortal\NewsPortal_project\NewsPortal_project\settings.py changed, reloading.
2024-08-26 20:35:53,426 INFO autoreload Watching for file changes with StatReloader
2024-08-26 20:35:59,755 INFO autoreload D:\pythonProject_NewsPortal\NewsPortal_project\NewsPortal_project\settings.py changed, reloading.
2024-08-26 20:36:01,056 INFO autoreload Watching for file changes with StatReloader
2024-08-26 20:38:54,012 INFO autoreload D:\pythonProject_NewsPortal\NewsPortal_project\NewsPortal_project\settings.py changed, reloading.
2024-08-26 20:38:55,228 INFO autoreload Watching for file changes with StatReloader
2024-08-26 22:26:32,252 INFO autoreload Watching for file changes with StatReloader
2024-08-27 21:17:35,116 INFO autoreload Watching for file changes with StatReloader
2024-08-27 21:26:26,997 INFO autoreload Watching for file changes with StatReloader
2024-08-28 19:44:51,810 INFO autoreload Watching for file changes with StatReloader
2024-08-28 19:45:39,180 INFO autoreload Watching for file changes with StatReloader
2024-08-28 19:47:09,936 INFO autoreload Watching for file changes with StatReloader
2024-08-28 19:52:30,444 INFO autoreload Watching for file changes with StatReloader
2024-08-28 19:55:13,315 INFO autoreload Watching for file changes with StatReloader
2024-08-28 19:55:27,714 INFO autoreload Watching for file changes with StatReloader
2024-08-29 07:12:19,925 INFO autoreload Watching for file changes with StatReloader
2024-08-29 21:14:17,113 INFO autoreload Watching for file changes with StatReloader
2024-08-29 22:05:43,272 INFO autoreload Watching for file changes with StatReloader
2024-08-29 22:09:17,808 INFO autoreload Watching for file changes with StatReloader
2024-09-04 20:44:46,389 INFO autoreload Watching for file changes with StatReloader
2024-09-04 21:24:10,660 INFO autoreload D:\pythonProject_NewsPortal\NewsPortal_project\NewsPortal_project\settings.py changed, reloading.
2024-09-04 21:24:14,109 INFO autoreload Watching for file changes with StatReloader
2024-09-04 21:24:25,924 INFO autoreload D:\pythonProject_NewsPortal\NewsPortal_project\NewsPortal_project\settings.py changed, reloading.
2024-09-04 21:24:26,931 INFO autoreload Watching for file changes with StatReloader
2024-09-04 21:24:38,719 INFO autoreload D:\pythonProject_NewsPortal\NewsPortal_project\NewsPortal_project\settings.py changed, reloading.
2024-09-04 21:24:39,797 INFO autoreload Watching for file changes with StatReloader
2024-09-04 21:24:56,051 INFO autoreload D:\pythonProject_NewsPortal\NewsPortal_project\NewsPortal_project\settings.py changed, reloading.
2024-09-04 21:44:04,799 INFO autoreload Watching for file changes with StatReloader
2024-09-04 21:46:27,221 INFO autoreload D:\pythonProject_NewsPortal\NewsPortal_project\NewsPortal_app\views.py changed, reloading.
2024-09-04 21:46:28,604 INFO autoreload Watching for file changes with StatReloader
2024-09-04 22:33:52,113 INFO autoreload Watching for file changes with StatReloader
2024-09-04 22:48:16,509 INFO autoreload D:\pythonProject_NewsPortal\NewsPortal_project\NewsPortal_app\views.py changed, reloading.
2024-09-04 22:48:19,298 INFO autoreload Watching for file changes with StatReloader
2024-09-04 22:53:49,587 INFO autoreload D:\pythonProject_NewsPortal\NewsPortal_project\NewsPortal_app\views.py changed, reloading.
2024-09-04 22:53:51,569 INFO autoreload Watching for file changes with StatReloader
2025-08-30 20:41:35,046 INFO autoreload Watching for file changes with StatReloader
2025-09-06 21:22:43,953 INFO autoreload Watching for file changes with StatReloader
2025-09-06 21:25:05,313 INFO autoreload Watching for file changes with StatReloader
2025-09-06 21:32:46,310 INFO autoreload Watching for file changes with StatReloader
2025-09-06 21:39:22,622 INFO autoreload Watching for file changes with StatReloader
2025-09-06 21:49:18,189 INFO autoreload Watching for file changes with StatReloader
2025-09-06 21:52:47,375 INFO autoreload Watching for file changes with StatReloader
2025-09-06 21:56:49,244 INFO autoreload Watching for file changes with StatReloader
2025-09-06 22:02:09,216 INFO autoreload Watching for file changes with StatReloader
2025-09-08 20:33:09,448 INFO autoreload Watching for file changes with StatReloader
2025-09-08 20:38:45,206 INFO autoreload Watching for file changes with StatReloader
2025-09-08 20:46:16,565 INFO autoreload Watching for file changes with StatReloader
2025-09-08 21:38:11,083 INFO autoreload Watching for file changes with StatReloader
2025-09-08 22:20:30,416 INFO autoreload D:\pythonProject_NewsPortal\NewsPortal_project\accounts\models.py changed, reloading.
2025-09-08 22:20:33,067 INFO autoreload Watching for file changes with StatReloader
2025-09-08 22:21:12,328 INFO autoreload D:\pythonProject_NewsPortal\NewsPortal_project\accounts\models.py changed, reloading.
2025-09-08 22:21:13,229 INFO autoreload Watching for file changes with StatReloader
2025-09-08 22:21:20,908 INFO autoreload D:\pythonProject_NewsPortal\NewsPortal_project\accounts\models.py changed, reloading.
2025-09-08 22:21:21,759 INFO autoreload Watching for file changes with StatReloader
2025-09-08 22:21:26,311 INFO autoreload D:\pythonProject_NewsPortal\NewsPortal_project\accounts\models.py changed, reloading.
2025-09-08 22:21:27,126 INFO autoreload Watching for file changes with StatReloader
2025-09-08 22:21:35,828 INFO autoreload D:\pythonProject_NewsPortal\NewsPortal_project\accounts\models.py changed, reloading.
2025-09-08 22:21:36,919 INFO autoreload Watching for file changes with StatReloader
2025-09-08 22:21:56,428 INFO autoreload D:\pythonProject_NewsPortal\NewsPortal_project\accounts\models.py changed, reloading.
2025-09-08 22:21:57,294 INFO autoreload Watching for file changes with StatReloader
2025-09-08 22:22:08,096 INFO autoreload D:\pythonProject_NewsPortal\NewsPortal_project\accounts\models.py changed, reloading.
2025-09-08 22:22:08,952 INFO autoreload Watching for file changes with StatReloader
2025-09-08 22:22:19,728 INFO autoreload D:\pythonProject_NewsPortal\NewsPortal_project\accounts\models.py changed, reloading.
2025-09-08 22:22:20,644 INFO autoreload Watching for file changes with StatReloader
2025-09-08 22:22:37,845 INFO autoreload D:\pythonProject_NewsPortal\NewsPortal_project\accounts\models.py changed, reloading.
2025-09-08 22:22:38,739 INFO autoreload Watching for file changes with StatReloader
2025-09-08 22:22:50,568 INFO autoreload D:\pythonProject_NewsPortal\NewsPortal_project\accounts\models.py changed, reloading.
2025-09-08 22:22:51,456 INFO autoreload Watching for file changes with StatReloader
2025-09-08 22:22:59,111 INFO autoreload D:\pythonProject_NewsPortal\NewsPortal_project\accounts\models.py changed, reloading.
2025-09-08 22:22:59,956 INFO autoreload Watching for file changes with StatReloader
2025-09-08 22:23:14,918 INFO autoreload D:\pythonProject_NewsPortal\NewsPortal_project\accounts\models.py changed, reloading.
2025-09-08 22:23:15,678 INFO autoreload Watching for file changes with StatReloader
2025-09-08 22:24:32,181 INFO autoreload D:\pythonProject_NewsPortal\NewsPortal_project\accounts\models.py changed, reloading.
2025-09-08 22:24:33,143 INFO autoreload Watching for file changes with StatReloader
2025-09-08 22:24:44,712 INFO autoreload D:\pythonProject_NewsPortal\NewsPortal_project\accounts\models.py changed, reloading.
2025-09-08 22:24:45,870 INFO autoreload Watching for file changes with StatReloader
2025-09-08 22:24:54,322 INFO autoreload D:\pythonProject_NewsPortal\NewsPortal_project\accounts\models.py changed, reloading.
2025-09-08 22:24:55,299 INFO autoreload Watching for file changes with StatReloader
2025-09-08 22:25:03,682 INFO autoreload D:\pythonProject_NewsPortal\NewsPortal_project\accounts\models.py changed, reloading.
2025-09-08 22:25:04,750 INFO autoreload Watching for file changes with StatReloader
2025-09-08 22:25:14,336 INFO autoreload D:\pythonProject_NewsPortal\NewsPortal_project\accounts\models.py changed, reloading.
2025-09-08 22:25:15,207 INFO autoreload Watching for file changes with StatReloader
2025-09-08 22:25:34,446 INFO autoreload D:\pythonProject_NewsPortal\NewsPortal_project\accounts\models.py changed, reloading.
2025-09-08 22:25:35,633 INFO autoreload Watching for file changes with StatReloader
2025-09-08 22:25:41,806 INFO autoreload D:\pythonProject_NewsPortal\NewsPortal_project\accounts\models.py changed, reloading.
2025-09-08 22:25:42,830 INFO autoreload Watching for file changes with StatReloader
2025-09-08 22:25:53,458 INFO autoreload D:\pythonProject_NewsPortal\NewsPortal_project\accounts\models.py changed, reloading.
2025-09-08 22:25:54,434 INFO autoreload Watching for file changes with StatReloader
2025-09-08 22:26:01,699 INFO autoreload D:\pythonProject_NewsPortal\NewsPortal_project\accounts\models.py changed, reloading.
2025-09-08 22:26:02,760 INFO autoreload Watching for file changes with StatReloader
2025-09-08 22:26:13,383 INFO autoreload D:\pythonProject_NewsPortal\NewsPortal_project\accounts\models.py changed, reloading.
2025-09-08 22:26:14,383 INFO autoreload Watching for file changes with StatReloader
2025-09-08 22:30:50,429 INFO autoreload D:\pythonProject_NewsPortal\NewsPortal_project\accounts\forms.py changed, reloading.
2025-09-08 22:30:51,370 INFO autoreload Watching for file changes with StatReloader
2025-09-08 22:31:00,981 INFO autoreload D:\pythonProject_NewsPortal\NewsPortal_project\accounts\forms.py changed, reloading.
2025-09-08 22:31:01,916 INFO autoreload Watching for file changes with StatReloader
2025-09-08 22:31:21,401 INFO autoreload D:\pythonProject_NewsPortal\NewsPortal_project\accounts\forms.py changed, reloading.
2025-09-08 22:31:22,436 INFO autoreload Watching for file changes with StatReloader
2025-09-08 22:31:34,147 INFO autoreload D:\pythonProject_NewsPortal\NewsPortal_project\accounts\forms.py changed, reloading.
2025-09-08 22:31:35,284 INFO autoreload Watching for file changes with StatReloader
2025-09-08 22:31:40,362 INFO autoreload D:\pythonProject_NewsPortal\NewsPortal_project\accounts\forms.py changed, reloading.
2025-09-08 22:31:41,429 INFO autoreload Watching for file changes with StatReloader
2025-09-08 22:32:38,316 INFO autoreload D:\pythonProject_NewsPortal\NewsPortal_project\accounts\models.py changed, reloading.
2025-09-08 22:32:39,252 INFO autoreload Watching for file changes with StatReloader
